// Jest Snapshot v1, https://goo.gl/fbAQLP

exports[`BrowserBottomBar should render correctly 1`] = `
<ElevatedView
  elevation={11}
  style={
    Object {
      "backgroundColor": "#f2f3f4",
      "borderColor": "#bbc0c5",
      "borderTopWidth": 0.5,
      "flex": 0,
      "flexDirection": "row",
      "justifyContent": "space-between",
      "paddingBottom": 18,
    }
  }
>
  <TouchableOpacity
    disabled={false}
    onPress={[Function]}
    style={
      Object {
        "alignItems": "center",
        "flex": 1,
        "height": 24,
        "justifyContent": "space-around",
        "paddingBottom": 30,
        "paddingTop": 30,
        "textAlign": "center",
        "width": 24,
      }
    }
    testID="go-back-button"
  >
    <Image
      source={
        Object {
          "testUri": "../../../app/images/left.png",
        }
      }
      style={
        Object {
          "height": 24,
          "width": 24,
        }
      }
    />
  </TouchableOpacity>
  <TouchableOpacity
    disabled={true}
    onPress={[Function]}
    style={
      Object {
        "alignItems": "center",
        "flex": 1,
        "height": 24,
        "justifyContent": "space-around",
        "paddingBottom": 30,
        "paddingTop": 30,
        "textAlign": "center",
        "width": 24,
      }
    }
    testID="go-forward-button"
  >
    <Image
      source={
        Object {
          "testUri": "../../../app/images/right_no.png",
        }
      }
      style={
        Object {
          "height": 24,
          "width": 24,
        }
      }
    />
  </TouchableOpacity>
  <TouchableOpacity
    onPress={[Function]}
    style={
      Object {
        "alignItems": "center",
        "flex": 1,
        "height": 24,
        "justifyContent": "space-around",
        "paddingBottom": 30,
        "paddingTop": 30,
        "textAlign": "center",
        "width": 24,
      }
    }
    testID="search-button"
  >
    <Image
      source={
        Object {
          "testUri": "../../../app/images/search.png",
        }
      }
      style={
        Object {
          "height": 24,
          "width": 24,
        }
      }
    />
  </TouchableOpacity>
  <TouchableOpacity
    onPress={[Function]}
    style={
      Object {
        "alignItems": "center",
        "flex": 1,
        "height": 24,
        "justifyContent": "space-around",
        "paddingBottom": 30,
        "paddingTop": 30,
        "textAlign": "center",
        "width": 24,
      }
    }
    testID="show-tabs-button"
  >
    <Connect(TabCountIcon)
      style={
        Object {
          "height": 24,
          "marginTop": 0,
          "width": 24,
        }
      }
    />
  </TouchableOpacity>
  <TouchableOpacity
    style={
      Object {
        "alignItems": "center",
        "flex": 1,
        "height": 24,
        "justifyContent": "space-around",
        "paddingBottom": 30,
        "paddingTop": 30,
        "textAlign": "center",
        "width": 24,
      }
    }
    testID="home-button"
  >
    <Image
      source={
        Object {
          "testUri": "../../../app/images/home.png",
        }
      }
      style={
        Object {
          "height": 24,
          "width": 24,
        }
      }
    />
  </TouchableOpacity>
  <TouchableOpacity
    onPress={[Function]}
    style={
      Object {
        "alignItems": "center",
        "flex": 1,
        "height": 24,
        "justifyContent": "space-around",
        "paddingBottom": 30,
        "paddingTop": 30,
        "textAlign": "center",
        "width": 24,
      }
    }
    testID="options-button"
  >
    <Image
      source={
        Object {
          "testUri": "../../../app/images/more.png",
        }
      }
      style={
        Object {
          "height": 24,
          "width": 24,
        }
      }
    />
  </TouchableOpacity>
</ElevatedView>
`;
