// Jest Snapshot v1, https://goo.gl/fbAQLP

exports[`GeneralSettings should render correctly 1`] = `
<Connect(Settings)
  navigation={
    Object {
      "state": Object {
        "params": Object {},
      },
    }
  }
/>
`;
