// Jest Snapshot v1, https://goo.gl/fbAQLP

exports[`Tabs should render correctly 1`] = `
<View
  style={
    Object {
      "backgroundColor": "#161B1D",
      "bottom": 0,
      "flex": 1,
      "left": 0,
      "position": "absolute",
      "right": 0,
      "top": 0,
    }
  }
>
  <ScrollView
    contentContainerStyle={
      Object {
        "backgroundColor": "transparent",
        "padding": 15,
      }
    }
    style={
      Object {
        "backgroundColor": "transparent",
        "flex": 1,
      }
    }
  >
    <TabThumbnail
      isActiveTab={false}
      key="1"
      onSwitch={[Function]}
      tab={
        Object {
          "id": 1,
          "image": "",
          "url": "about:blank",
        }
      }
    />
  </ScrollView>
  <View
    style={
      Object {
        "alignItems": "center",
        "backgroundColor": "#2D2F33",
        "flexDirection": "row",
        "height": 80,
        "justifyContent": "center",
        "paddingHorizontal": 26,
      }
    }
  >
    <TouchableOpacity
      style={
        Array [
          Object {
            "alignContent": "center",
            "flex": 1,
            "justifyContent": "center",
            "marginTop": 10,
          },
          Object {
            "justifyContent": "center",
          },
        ]
      }
    >
      <Text
        style={
          Array [
            Object {
              "color": "#CCCCCC",
              "fontFamily": "EuclidCircularB-Regular",
              "fontSize": 17,
              "fontWeight": "400",
            },
            null,
          ]
        }
      >
        Close All
      </Text>
    </TouchableOpacity>
    <View
      style={
        Object {
          "alignContent": "center",
          "flex": 1,
          "justifyContent": "center",
          "marginTop": 10,
        }
      }
    >
      <TouchableOpacity
        onPress={[Function]}
        style={
          Object {
            "alignContent": "flex-start",
            "alignSelf": "center",
            "backgroundColor": "#5D61FF",
            "borderRadius": 5,
            "height": 27,
            "justifyContent": "flex-start",
            "marginTop": -7,
            "width": 33,
          }
        }
      >
        <Icon
          allowFontScaling={false}
          name="plus"
          size={15}
          style={
            Object {
              "alignContent": "center",
              "color": "#FFFFFF",
              "fontSize": 20,
              "justifyContent": "center",
              "marginTop": 3,
              "textAlign": "center",
            }
          }
        />
      </TouchableOpacity>
    </View>
    <TouchableOpacity
      style={
        Array [
          Object {
            "alignContent": "center",
            "flex": 1,
            "justifyContent": "center",
            "marginTop": 10,
          },
          Object {
            "alignItems": "flex-end",
            "justifyContent": "center",
          },
        ]
      }
    >
      <Text
        style={
          Array [
            Object {
              "color": "#CCCCCC",
              "fontFamily": "EuclidCircularB-Regular",
              "fontSize": 17,
              "fontWeight": "400",
            },
            null,
          ]
        }
      >
        Done
      </Text>
    </TouchableOpacity>
  </View>
</View>
`;
