// Jest Snapshot v1, https://goo.gl/fbAQLP

exports[`Browser should render correctly 1`] = `
<ErrorBoundary
  view="BrowserTab"
>
  <View
    style={
      Array [
        Object {
          "backgroundColor": "#FFFFFF",
          "flex": 1,
        },
        false,
      ]
    }
  >
    <View
      style={
        Object {
          "flex": 1,
          "zIndex": 1,
        }
      }
    />
    <View
      style={
        Object {
          "height": 3,
          "left": 0,
          "position": "absolute",
          "right": 0,
          "top": 0,
          "width": "100%",
          "zIndex": 999999,
        }
      }
    >
      <WebviewProgressBar
        progress={0}
      />
    </View>
    <ReactNativeModal
      animationIn="slideInDown"
      animationInTiming={300}
      animationOut="slideOutUp"
      animationOutTiming={300}
      avoidKeyboard={false}
      backdropColor="black"
      backdropOpacity={0.7}
      backdropTransitionInTiming={300}
      backdropTransitionOutTiming={300}
      coverScreen={true}
      customBackdrop={null}
      deviceHeight={null}
      deviceWidth={null}
      hasBackdrop={true}
      hideModalContentWhileAnimating={false}
      isVisible={false}
      onBackButtonPress={[Function]}
      onBackdropPress={[Function]}
      onModalHide={[Function]}
      onModalShow={[Function]}
      onModalWillHide={[Function]}
      onModalWillShow={[Function]}
      panResponderThreshold={4}
      propagateSwipe={false}
      scrollHorizontal={false}
      scrollOffset={0}
      scrollOffsetMax={0}
      scrollTo={null}
      style={
        Object {
          "justifyContent": "flex-start",
          "margin": 0,
        }
      }
      supportedOrientations={
        Array [
          "portrait",
          "landscape",
        ]
      }
      swipeThreshold={100}
      useNativeDriver={true}
    >
      <View
        style={
          Object {
            "backgroundColor": "#FFFFFF",
            "flexDirection": "row",
            "height": 87,
            "paddingHorizontal": 10,
            "paddingTop": 50,
          }
        }
        testID="url-modal"
      >
        <TextInput
          autoCapitalize="none"
          autoCorrect={false}
          clearButtonMode="while-editing"
          keyboardType="web-search"
          onChangeText={[Function]}
          onSubmitEditing={[Function]}
          placeholder="Search or Type URL"
          placeholderTextColor="#848c96"
          returnKeyType="go"
          selectTextOnFocus={true}
          style={
            Object {
              "backgroundColor": "#f2f3f4",
              "borderRadius": 30,
              "flex": 1,
              "fontFamily": "EuclidCircularB-Regular",
              "fontSize": 14,
              "fontWeight": "400",
              "height": 30,
              "padding": 8,
              "paddingLeft": 15,
              "textAlign": "left",
            }
          }
          testID="url-input"
          value=""
        />
        <TouchableOpacity
          onPress={[Function]}
          style={
            Object {
              "marginLeft": 10,
              "marginTop": 7,
            }
          }
          testID="ios-cancel-url-button"
        >
          <Text
            style={
              Object {
                "color": "#037dd6",
                "fontFamily": "EuclidCircularB-Regular",
                "fontSize": 14,
                "fontWeight": "400",
              }
            }
          >
            [missing "en.browser.cancel" translation]
          </Text>
        </TouchableOpacity>
      </View>
      <Connect(UrlAutocomplete)
        input=""
        onDismiss={[Function]}
        onSubmit={[Function]}
      />
    </ReactNativeModal>
    <BrowserBottomBar
      canGoBack={false}
      canGoForward={false}
      goBack={[Function]}
      goForward={[Function]}
      goHome={[Function]}
      showTabs={[Function]}
      showUrlModal={[Function]}
      toggleOptions={[Function]}
    />
  </View>
</ErrorBoundary>
`;
