// Jest Snapshot v1, https://goo.gl/fbAQLP

exports[`Restore should render correctly 1`] = `
<View
  style={
    Object {
      "paddingLeft": 15,
      "paddingRight": 15,
    }
  }
>
  <View
    style={
      Object {
        "paddingBottom": 17,
        "paddingTop": 25,
      }
    }
  >
    <Text
      style={
        Object {
          "color": "#333",
          "fontSize": 16,
          "fontWeight": "bold",
        }
      }
    >
      Enter the mnemonic words in order
    </Text>
  </View>
  <View
    style={
      Object {
        "backgroundColor": "#F8F8F8",
        "borderRadius": 5,
        "height": 50,
        "marginBottom": 25,
        "paddingLeft": 15,
        "paddingRight": 15,
      }
    }
  >
    <TextInput
      onChange={[Function]}
      placeholder="Please enter the contents"
      value=""
    />
  </View>
  <View
    style={
      Object {
        "marginLeft": 25,
        "marginRight": 25,
        "marginTop": 15,
      }
    }
  >
    <TouchableOpacity
      onPress={[Function]}
    >
      <View
        style={
          Array [
            Object {
              "alignItems": "center",
              "borderRadius": 50,
              "borderWidth": 1,
              "height": 50,
              "justifyContent": "center",
              "marginTop": 25,
              "overflow": "hidden",
            },
            Object {
              "borderColor": "#bdbfff",
            },
          ]
        }
      >
        <Text
          style={
            Object {
              "color": "#bdbfff",
              "fontSize": 16,
              "fontWeight": "bold",
            }
          }
        >
          Restore success
        </Text>
      </View>
    </TouchableOpacity>
    <TouchableOpacity
      onPress={[Function]}
    >
      <View
        style={
          Array [
            Object {
              "alignItems": "center",
              "borderRadius": 50,
              "borderWidth": 1,
              "height": 50,
              "justifyContent": "center",
              "marginTop": 25,
              "overflow": "hidden",
            },
            Object {
              "backgroundColor": "#EEEEEE",
              "borderColor": "#EEEEEE",
            },
          ]
        }
      >
        <Text
          style={
            Object {
              "color": "#666",
              "fontSize": 16,
              "fontWeight": "bold",
            }
          }
        >
          Cancel
        </Text>
      </View>
    </TouchableOpacity>
  </View>
</View>
`;
