// Jest Snapshot v1, https://goo.gl/fbAQLP

exports[`Main should render correctly 1`] = `
<ContextProvider
  value="light"
>
  <ContextProvider
    value={
      Object {
        "_childrenNavigation": Object {},
        "actions": Object {
          "dismiss": [Function],
          "pop": [Function],
          "popToTop": [Function],
          "push": [Function],
          "replace": [Function],
          "reset": [Function],
        },
        "addListener": [Function],
        "dangerouslyGetParent": [Function],
        "dismiss": [Function],
        "dispatch": [Function],
        "getChildNavigation": [Function],
        "getScreenProps": [Function],
        "goBack": [Function],
        "isFirstRouteInParent": [Function],
        "isFocused": [Function],
        "navigate": [Function],
        "pop": [Function],
        "popToTop": [Function],
        "push": [Function],
        "replace": [Function],
        "reset": [Function],
        "router": Object {
          "childRouters": Object {
            "AddBookmarkView": null,
            "BrowserView": null,
            "Create": null,
            "CreateStep2": null,
            "GeneralSettings": null,
            "Password": null,
            "Restore": null,
            "SettingsView": null,
            "Webview": null,
          },
          "getActionCreators": [Function],
          "getActionForPathAndParams": [Function],
          "getComponentForRouteName": [Function],
          "getComponentForState": [Function],
          "getPathAndParamsForState": [Function],
          "getScreenOptions": [Function],
          "getStateForAction": [Function],
        },
        "setParams": [Function],
        "state": Object {
          "index": 0,
          "isTransitioning": false,
          "key": "StackRouterRoot",
          "routes": Array [
            Object {
              "key": "id-123-0",
              "routeName": "Password",
            },
          ],
        },
      }
    }
  >
    <Connect(Main)
      navigation={
        Object {
          "_childrenNavigation": Object {},
          "actions": Object {
            "dismiss": [Function],
            "pop": [Function],
            "popToTop": [Function],
            "push": [Function],
            "replace": [Function],
            "reset": [Function],
          },
          "addListener": [Function],
          "dangerouslyGetParent": [Function],
          "dismiss": [Function],
          "dispatch": [Function],
          "getChildNavigation": [Function],
          "getScreenProps": [Function],
          "goBack": [Function],
          "isFirstRouteInParent": [Function],
          "isFocused": [Function],
          "navigate": [Function],
          "pop": [Function],
          "popToTop": [Function],
          "push": [Function],
          "replace": [Function],
          "reset": [Function],
          "router": Object {
            "childRouters": Object {
              "AddBookmarkView": null,
              "BrowserView": null,
              "Create": null,
              "CreateStep2": null,
              "GeneralSettings": null,
              "Password": null,
              "Restore": null,
              "SettingsView": null,
              "Webview": null,
            },
            "getActionCreators": [Function],
            "getActionForPathAndParams": [Function],
            "getComponentForRouteName": [Function],
            "getComponentForState": [Function],
            "getPathAndParamsForState": [Function],
            "getScreenOptions": [Function],
            "getStateForAction": [Function],
          },
          "setParams": [Function],
          "state": Object {
            "index": 0,
            "isTransitioning": false,
            "key": "StackRouterRoot",
            "routes": Array [
              Object {
                "key": "id-123-0",
                "routeName": "Password",
              },
            ],
          },
        }
      }
      theme="light"
    />
  </ContextProvider>
</ContextProvider>
`;
